---
source: src/transform.rs
expression: result.body
snapshot_kind: text
---
"import { qrl } from \"@qwik.dev/core\";\nimport { component } from \"@qwik.dev/core\";\nexport const renderHeader = qrl(() => import(\"./test.tsx_renderHeader_zBbHWn4e8Cg\"), \"renderHeader_zBbHWn4e8Cg\");\nconst renderHeader = component(qrl(() => import(\"./test.tsx_renderHeader_component_U6Kkv07sbpQ\"), \"renderHeader_component_U6Kkv07sbpQ\"));\n"
