---
source: src/transform.rs
expression: result.body
snapshot_kind: text
---
"import { qrl } from \"@qwik.dev/core\";\nexport const sym1 = qrl(() => import(\"./test.tsx_sym1_aXUrPXX5Lak\"), \"sym1_aXUrPXX5Lak\");\n"
