---
source: src/transform.rs
expression: comp.code
snapshot_kind: text
---
"import { componentQrl, qrl } from \"@builder.io/qwik\";\nimport { Header } from \"./test\";\nexport const App_component_ckEPmXZlub0 = () => {\n\treturn <Header />;\n};\n"
