---
source: src/transform.rs
expression: comp.code
snapshot_kind: text
---
"export const Header_component_div_onClick_i7ekvWH3674 = (ctx) => console.log(ctx);\n"
