---
source: src/transform.rs
expression: result.body
snapshot_kind: text
---
"import { qrl } from \"@qwik.dev/core\";\nqrl(() => import(\"./test.tsx_Header_WjUaUQN7Oxg\"), \"Header_WjUaUQN7Oxg\");\n"
