---
source: src/transform.rs
expression: comp.code
snapshot_kind: text
---
"import { qrl } from \"@qwik.dev/core\";\nexport const Header_component_J4uyIhaBNR4 = () => {\n\treturn qrl(() => import(\"./test.tsx_Header_component_1_2B8d0oH9ZWc\"), \"Header_component_1_2B8d0oH9ZWc\");\n};\n"
